// Jest Snapshot v1, https://goo.gl/fbAQLP

exports[`should render expense list item correctly 1`] = `
<div>
  <Link
    replace={false}
    to="/edit/id"
  >
    <h3>
      Coffee
    </h3>
  </Link>
  <p>
    5
     - 
    0
  </p>
</div>
`;
